\BOOKMARK [1][-]{section.1}{\376\377\213\272\145\207\121\103\117\341\140\157}{}% 1
\BOOKMARK [1][-]{section.2}{\376\377\117\134\200\005\200\314\146\157\377\010\143\156\213\272\145\207\177\162\124\015\116\016\123\357\150\070\133\371\117\341\140\157\377\011}{}% 2
\BOOKMARK [1][-]{section.3}{\376\377\150\070\137\303\215\041\163\056\220\037\211\310}{}% 3
\BOOKMARK [2][-]{subsection.3.1}{\376\377\211\343\121\263\116\300\116\110\225\356\230\230}{section.3}% 4
\BOOKMARK [2][-]{subsection.3.2}{\376\377\143\320\121\372\116\300\116\110\145\271\154\325}{section.3}% 5
\BOOKMARK [2][-]{subsection.3.3}{\376\377\116\016\116\073\155\101\215\357\176\277\133\371\153\324}{section.3}% 6
\BOOKMARK [1][-]{section.4}{\376\377\200\314\146\157\116\016\225\356\230\230\137\142\137\017\123\026}{}% 7
\BOOKMARK [2][-]{subsection.4.1}{\376\377\170\024\172\166\122\250\147\072}{section.4}% 8
\BOOKMARK [2][-]{subsection.4.2}{\376\377\137\142\137\017\123\026\133\232\116\111}{section.4}% 9
\BOOKMARK [1][-]{section.5}{\376\377\145\271\154\325\140\073\211\310\116\016\126\376\211\343}{}% 10
\BOOKMARK [2][-]{subsection.5.1}{\376\377\000F\000i\000g\000u\000r\000e\000\040\0001\377\032\000D\000I\000F\000\040\000+\000\040\123\314\130\124\140\073\211\310}{section.5}% 11
\BOOKMARK [2][-]{subsection.5.2}{\376\377\000F\000i\000g\000u\000r\000e\000\040\0002\377\032\135\345\116\032\117\052\150\007\173\176\224\376\215\357}{section.5}% 12
\BOOKMARK [2][-]{subsection.5.3}{\376\377\145\160\143\156\155\101\116\062\213\262}{section.5}% 13
\BOOKMARK [1][-]{section.6}{\376\377\150\070\137\303\121\154\137\017\220\020\230\171\213\262\211\343}{}% 14
\BOOKMARK [2][-]{subsection.6.1}{\376\377\000E\000q\000.\000\050\0001\000\051\377\032\117\052\150\007\173\176\165\037\142\020}{section.6}% 15
\BOOKMARK [2][-]{subsection.6.2}{\376\377\000E\000q\000.\000\050\0002\000\051\000\050\0003\000\051\377\032\177\156\117\341\136\246\200\132\124\010}{section.6}% 16
\BOOKMARK [2][-]{subsection.6.3}{\376\377\000E\000q\000.\000\050\0004\000\051\000\050\0005\000\051\000\050\0006\000\051\377\032\116\015\170\156\133\232\140\047}{section.6}% 17
\BOOKMARK [2][-]{subsection.6.4}{\376\377\000E\000q\000.\000\050\0007\000\051\000\050\0008\000\051\000\050\0009\000\051\377\032\150\041\153\143\116\016\213\255\176\303}{section.6}% 18
\BOOKMARK [1][-]{section.7}{\376\377\164\006\213\272\377\032\120\107\213\276\060\001\133\232\164\006\116\016\213\301\146\016\154\350\221\312}{}% 19
\BOOKMARK [2][-]{subsection.7.1}{\376\377\173\046\123\367}{section.7}% 20
\BOOKMARK [2][-]{subsection.7.2}{\376\377\126\333\116\052\120\107\213\276}{section.7}% 21
\BOOKMARK [2][-]{subsection.7.3}{\376\377\000T\000h\000e\000o\000r\000e\000m\000\040\0002\000.\0001\377\010\117\052\150\007\173\176\213\357\135\356\165\114\377\011}{section.7}% 22
\BOOKMARK [3][-]{subsubsection.7.3.1}{\376\377\213\301\146\016\220\020\153\145\154\350\221\312}{subsection.7.3}% 23
\BOOKMARK [3][-]{subsubsection.7.3.2}{\376\377\213\276\213\241\123\237\122\031\210\150}{subsection.7.3}% 24
\BOOKMARK [2][-]{subsection.7.4}{\376\377\000T\000h\000e\000o\000r\000e\000m\000\040\0002\000.\0002\377\010\147\000\117\030\155\367\124\010\147\103\221\315\377\011}{section.7}% 25
\BOOKMARK [1][-]{section.8}{\376\377\145\160\120\074\157\024\173\227\171\072\117\213\377\010\000k\000=\0002\377\011}{}% 26
\BOOKMARK [2][-]{subsection.8.1}{\376\377\213\276\133\232}{section.8}% 27
\BOOKMARK [2][-]{subsection.8.2}{\376\377\220\020\153\145\213\241\173\227}{section.8}% 28
\BOOKMARK [2][-]{subsection.8.3}{\376\377\160\355\225\350\133\371\161\147}{section.8}% 29
\BOOKMARK [2][-]{subsection.8.4}{\376\377\154\107\140\073\210\150}{section.8}% 30
\BOOKMARK [1][-]{section.9}{\376\377\133\236\232\214\377\032\210\150\116\016\126\376}{}% 31
\BOOKMARK [2][-]{subsection.9.1}{\376\377\000T\000a\000b\000l\000e\000\040\0001\377\032\145\160\143\156\226\306\176\337\213\241}{section.9}% 32
\BOOKMARK [2][-]{subsection.9.2}{\376\377\000T\000a\000b\000l\000e\000\040\0002\377\032\116\073\133\371\153\324}{section.9}% 33
\BOOKMARK [2][-]{subsection.9.3}{\376\377\000T\000a\000b\000l\000e\000\040\0003\377\032\155\210\207\215\377\010\000L\000i\000g\000h\000t\000G\000C\000N\000,\000\040\000R\000e\000c\000a\000l\000l\000@\0002\0000\377\011}{section.9}% 34
\BOOKMARK [2][-]{subsection.9.4}{\376\377\000F\000i\000g\000u\000r\000e\000\040\0003\377\032\126\152\130\360\234\201\150\322}{section.9}% 35
\BOOKMARK [2][-]{subsection.9.5}{\376\377\000T\000a\000b\000l\000e\000\040\0004\377\032\176\277\116\012\000\040\000A\000/\000B\377\010\0002\0000\0002\0005\000-\0000\0001\000-\0001\0002\040\023\0001\0006\377\014\121\267\124\057\122\250\377\011}{section.9}% 36
\BOOKMARK [2][-]{subsection.9.6}{\376\377\126\376\000/\210\150\000/\137\017\140\073\175\042\137\025}{section.9}% 37
\BOOKMARK [1][-]{section.10}{\376\377\142\171\122\044\140\047\140\035\200\003}{}% 38
\BOOKMARK [2][-]{subsection.10.1}{\376\377\117\030\122\277}{section.10}% 39
\BOOKMARK [2][-]{subsection.10.2}{\376\377\134\100\226\120}{section.10}% 40
\BOOKMARK [1][-]{section.11}{\376\377\133\371\213\376\172\013\143\250\203\120\121\267\124\057\122\250\166\204\124\057\123\321}{}% 41
\BOOKMARK [2][-]{subsection.11.1}{\376\377\147\000\134\017\131\015\163\260\156\005\123\125}{section.11}% 42
\BOOKMARK [2][-]{subsection.11.2}{\376\377\213\376\172\013\127\337\126\152\130\360}{section.11}% 43
\BOOKMARK [2][-]{subsection.11.3}{\376\377\123\357\136\366\117\070\145\271\124\021}{section.11}% 44
\BOOKMARK [2][-]{subsection.11.4}{\376\377\170\024\116\000\226\005\213\373\136\372\213\256}{section.11}% 45
\BOOKMARK [1][-]{section.12}{\376\377\226\104\137\125\377\032\000T\000h\000e\000o\000r\000e\000m\000\040\0002\000.\0001\000\040\217\367\117\140\145\160\120\074\166\364\211\311}{}% 46
\BOOKMARK [1][-]{section.13}{\376\377\123\302\200\003\145\207\163\056\377\010\123\237\145\207\377\011}{}% 47
